// Jest Snapshot v1, https://goo.gl/fbAQLP

exports[`LoginSignup Component Renders the Login form by default 1`] = `
<div>
  <div
    class="container"
  >
    <div
      class="header"
    >
      <div
        class="text"
      >
        Sign Up
      </div>
      <div
        class="underline"
      />
    </div>
    <div
      class="inputs"
    >
      <div
        class="input"
      >
        <img
          alt="user icon"
          src="Personlogo.png"
        />
        <input
          placeholder="Name"
          type="text"
          value=""
        />
      </div>
      <div
        class="input"
      >
        <img
          alt="email icon"
          src="Emaillogo.png"
        />
        <input
          placeholder="Email ID"
          type="email"
          value=""
        />
      </div>
      <div
        class="input"
      >
        <img
          alt="password icon"
          src="Passwordlogo.png"
        />
        <input
          placeholder="Password"
          type="password"
          value=""
        />
      </div>
    </div>
    <div />
    <div
      class="submit-container"
    >
      <button
        class="submit"
        role="signup-button"
        type="submit"
      >
        Sign Up
      </button>
      <button
        class="submit gray"
        type="submit"
      >
        Login
      </button>
    </div>
  </div>
</div>
`;

exports[`LoginSignup Component Switches to the Sign Up form when "Sign Up" button is clicked 1`] = `
<div>
  <div
    class="container"
  >
    <div
      class="header"
    >
      <div
        class="text"
      >
        Sign Up
      </div>
      <div
        class="underline"
      />
    </div>
    <div
      class="inputs"
    >
      <div
        class="input"
      >
        <img
          alt="user icon"
          src="Personlogo.png"
        />
        <input
          placeholder="Name"
          type="text"
          value=""
        />
      </div>
      <div
        class="input"
      >
        <img
          alt="email icon"
          src="Emaillogo.png"
        />
        <input
          placeholder="Email ID"
          type="email"
          value=""
        />
      </div>
      <div
        class="input"
      >
        <img
          alt="password icon"
          src="Passwordlogo.png"
        />
        <input
          placeholder="Password"
          type="password"
          value=""
        />
      </div>
    </div>
    <div />
    <div
      class="submit-container"
    >
      <button
        class="submit"
        role="signup-button"
        type="submit"
      >
        Sign Up
      </button>
      <button
        class="submit gray"
        type="submit"
      >
        Login
      </button>
    </div>
  </div>
</div>
`;

exports[`LoginSignup Component Validates form inputs and displays error messages 1`] = `
<div>
  <div
    class="container"
  >
    <div
      class="header"
    >
      <div
        class="text"
      >
        Sign Up
      </div>
      <div
        class="underline"
      />
    </div>
    <div
      class="inputs"
    >
      <div
        class="input"
      >
        <img
          alt="user icon"
          src="Personlogo.png"
        />
        <input
          placeholder="Name"
          type="text"
          value=""
        />
      </div>
      <div
        class="input"
      >
        <img
          alt="email icon"
          src="Emaillogo.png"
        />
        <input
          placeholder="Email ID"
          type="email"
          value=""
        />
      </div>
      <div
        class="input"
      >
        <img
          alt="password icon"
          src="Passwordlogo.png"
        />
        <input
          placeholder="Password"
          type="password"
          value=""
        />
      </div>
    </div>
    <div />
    <div
      class="submit-container"
    >
      <button
        class="submit"
        role="signup-button"
        type="submit"
      >
        Sign Up
      </button>
      <button
        class="submit gray"
        type="submit"
      >
        Login
      </button>
    </div>
  </div>
</div>
`;

exports[`LoginSignup Component Validates form inputs and displays error messages 2`] = `
<div>
  <div
    class="container"
  >
    <div
      class="header"
    >
      <div
        class="text"
      >
        Sign Up
      </div>
      <div
        class="underline"
      />
    </div>
    <div
      class="inputs"
    >
      <div
        class="input"
      >
        <img
          alt="user icon"
          src="Personlogo.png"
        />
        <input
          placeholder="Name"
          type="text"
          value=""
        />
      </div>
      <div
        class="input"
      >
        <img
          alt="email icon"
          src="Emaillogo.png"
        />
        <input
          placeholder="Email ID"
          type="email"
          value=""
        />
      </div>
      <div
        class="input"
      >
        <img
          alt="password icon"
          src="Passwordlogo.png"
        />
        <input
          placeholder="Password"
          type="password"
          value=""
        />
      </div>
    </div>
    <div />
    <div
      class="submit-container"
    >
      <button
        class="submit"
        role="signup-button"
        type="submit"
      >
        Sign Up
      </button>
      <button
        class="submit gray"
        type="submit"
      >
        Login
      </button>
    </div>
  </div>
</div>
`;

exports[`LoginSignup Component Validates form inputs and displays error messages 3`] = `
<div>
  <div
    class="container"
  >
    <div
      class="header"
    >
      <div
        class="text"
      >
        Sign Up
      </div>
      <div
        class="underline"
      />
    </div>
    <div
      class="inputs"
    >
      <div
        class="input"
      >
        <img
          alt="user icon"
          src="Personlogo.png"
        />
        <input
          placeholder="Name"
          type="text"
          value=""
        />
      </div>
      <div
        class="input"
      >
        <img
          alt="email icon"
          src="Emaillogo.png"
        />
        <input
          placeholder="Email ID"
          type="email"
          value=""
        />
      </div>
      <div
        class="input"
      >
        <img
          alt="password icon"
          src="Passwordlogo.png"
        />
        <input
          placeholder="Password"
          type="password"
          value=""
        />
      </div>
    </div>
    <div />
    <div
      class="submit-container"
    >
      <button
        class="submit"
        role="signup-button"
        type="submit"
      >
        Sign Up
      </button>
      <button
        class="submit gray"
        type="submit"
      >
        Login
      </button>
    </div>
  </div>
</div>
`;
